
> usgar-hotels@1.0.0 preview
> astro preview --port 4321

Port 4321 is in use, trying another one...
[42m[1m astro [22m[49m [32mv7.1.1[39m [2mready in[22m 30 [2mms[22m
[2m┃[22m Local    [36mhttp://localhost:4322/[39m
[2m┃[22m Network  [2muse --host to expose[22m
[2m10:00:55 a. m.[22m [31m[1m[vite][22m[39m [31mhttp proxy error: /api/auth/me[39m
AggregateError [ECONNREFUSED]: 
    at internalConnectMultiple (node:net:1194:18)
    at afterConnectMultiple (node:net:1784:7)
[2m10:01:21 a. m.[22m [31m[1m[vite][22m[39m [31mhttp proxy error: /api/auth/me[39m
AggregateError [ECONNREFUSED]: 
    at internalConnectMultiple (node:net:1194:18)
    at afterConnectMultiple (node:net:1784:7)
[2m10:04:01 a. m.[22m [31m[1m[vite][22m[39m [31mhttp proxy error: /api/auth/me[39m
AggregateError [ECONNREFUSED]: 
    at internalConnectMultiple (node:net:1194:18)
    at afterConnectMultiple (node:net:1784:7)
[2m10:04:40 a. m.[22m [31m[1m[vite][22m[39m [31mhttp proxy error: /api/auth/me[39m
AggregateError [ECONNREFUSED]: 
    at internalConnectMultiple (node:net:1194:18)
    at afterConnectMultiple (node:net:1784:7)
[2m10:05:03 a. m.[22m [31m[1m[vite][22m[39m [31mhttp proxy error: /api/auth/me[39m
AggregateError [ECONNREFUSED]: 
    at internalConnectMultiple (node:net:1194:18)
    at afterConnectMultiple (node:net:1784:7)
[2m10:05:19 a. m.[22m [31m[1m[vite][22m[39m [31mhttp proxy error: /api/auth/me[39m
AggregateError [ECONNREFUSED]: 
    at internalConnectMultiple (node:net:1194:18)
    at afterConnectMultiple (node:net:1784:7)
[2m10:05:40 a. m.[22m [31m[1m[vite][22m[39m [31mhttp proxy error: /api/auth/me[39m
AggregateError [ECONNREFUSED]: 
    at internalConnectMultiple (node:net:1194:18)
    at afterConnectMultiple (node:net:1784:7)
[2m10:06:06 a. m.[22m [31m[1m[vite][22m[39m [31mhttp proxy error: /api/auth/me[39m
AggregateError [ECONNREFUSED]: 
    at internalConnectMultiple (node:net:1194:18)
    at afterConnectMultiple (node:net:1784:7)
[2m10:06:34 a. m.[22m [31m[1m[vite][22m[39m [31mhttp proxy error: /api/auth/me[39m
AggregateError [ECONNREFUSED]: 
    at internalConnectMultiple (node:net:1194:18)
    at afterConnectMultiple (node:net:1784:7)
[2m10:07:20 a. m.[22m [31m[1m[vite][22m[39m [31mhttp proxy error: /api/auth/me[39m
AggregateError [ECONNREFUSED]: 
    at internalConnectMultiple (node:net:1194:18)
    at afterConnectMultiple (node:net:1784:7)
[2m10:09:26 a. m.[22m [31m[1m[vite][22m[39m [31mhttp proxy error: /api/auth/me[39m
AggregateError [ECONNREFUSED]: 
    at internalConnectMultiple (node:net:1194:18)
    at afterConnectMultiple (node:net:1784:7)
[2m10:09:30 a. m.[22m [31m[1m[vite][22m[39m [31mhttp proxy error: /api/auth/me[39m
AggregateError [ECONNREFUSED]: 
    at internalConnectMultiple (node:net:1194:18)
    at afterConnectMultiple (node:net:1784:7)
[2m10:09:54 a. m.[22m [31m[1m[vite][22m[39m [31mhttp proxy error: /api/auth/me[39m
AggregateError [ECONNREFUSED]: 
    at internalConnectMultiple (node:net:1194:18)
    at afterConnectMultiple (node:net:1784:7)
[2m10:21:24 a. m.[22m [31m[1m[vite][22m[39m [31mhttp proxy error: /api/auth/me[39m
AggregateError [ECONNREFUSED]: 
    at internalConnectMultiple (node:net:1194:18)
    at afterConnectMultiple (node:net:1784:7)
[2m10:21:24 a. m.[22m [31m[1m[vite][22m[39m [31mhttp proxy error: /api/auth/me[39m
AggregateError [ECONNREFUSED]: 
    at internalConnectMultiple (node:net:1194:18)
    at afterConnectMultiple (node:net:1784:7)
[2m10:21:34 a. m.[22m [31m[1m[vite][22m[39m [31mhttp proxy error: /api/auth/providers[39m
AggregateError [ECONNREFUSED]: 
    at internalConnectMultiple (node:net:1194:18)
    at afterConnectMultiple (node:net:1784:7)
[2m10:21:34 a. m.[22m [31m[1m[vite][22m[39m [31mhttp proxy error: /api/auth/me[39m
AggregateError [ECONNREFUSED]: 
    at internalConnectMultiple (node:net:1194:18)
    at afterConnectMultiple (node:net:1784:7)
[2m10:21:35 a. m.[22m [31m[1m[vite][22m[39m [31mhttp proxy error: /api/auth/me[39m
AggregateError [ECONNREFUSED]: 
    at internalConnectMultiple (node:net:1194:18)
    at afterConnectMultiple (node:net:1784:7)
[2m10:21:35 a. m.[22m [31m[1m[vite][22m[39m [31mhttp proxy error: /api/rooms?checkIn=2026-08-02&checkOut=2026-08-03[39m
AggregateError [ECONNREFUSED]: 
    at internalConnectMultiple (node:net:1194:18)
    at afterConnectMultiple (node:net:1784:7)
[2m10:21:35 a. m.[22m [31m[1m[vite][22m[39m [31mhttp proxy error: /api/auth/me[39m
AggregateError [ECONNREFUSED]: 
    at internalConnectMultiple (node:net:1194:18)
    at afterConnectMultiple (node:net:1784:7)
[2m10:21:37 a. m.[22m [31m[1m[vite][22m[39m [31mhttp proxy error: /api/auth/me[39m
AggregateError [ECONNREFUSED]: 
    at internalConnectMultiple (node:net:1194:18)
    at afterConnectMultiple (node:net:1784:7)
[2m10:21:37 a. m.[22m [31m[1m[vite][22m[39m [31mhttp proxy error: /api/rooms?checkIn=2026-08-02&checkOut=2026-08-03[39m
AggregateError [ECONNREFUSED]: 
    at internalConnectMultiple (node:net:1194:18)
    at afterConnectMultiple (node:net:1784:7)
[2m10:21:37 a. m.[22m [31m[1m[vite][22m[39m [31mhttp proxy error: /api/auth/me[39m
AggregateError [ECONNREFUSED]: 
    at internalConnectMultiple (node:net:1194:18)
    at afterConnectMultiple (node:net:1784:7)
[2m10:21:38 a. m.[22m [31m[1m[vite][22m[39m [31mhttp proxy error: /api/auth/me[39m
AggregateError [ECONNREFUSED]: 
    at internalConnectMultiple (node:net:1194:18)
    at afterConnectMultiple (node:net:1784:7)
[2m10:21:38 a. m.[22m [31m[1m[vite][22m[39m [31mhttp proxy error: /api/rooms[39m
AggregateError [ECONNREFUSED]: 
    at internalConnectMultiple (node:net:1194:18)
    at afterConnectMultiple (node:net:1784:7)
[2m10:21:38 a. m.[22m [31m[1m[vite][22m[39m [31mhttp proxy error: /api/auth/me[39m
AggregateError [ECONNREFUSED]: 
    at internalConnectMultiple (node:net:1194:18)
    at afterConnectMultiple (node:net:1784:7)
[2m10:21:38 a. m.[22m [31m[1m[vite][22m[39m [31mhttp proxy error: /api/auth/me[39m
AggregateError [ECONNREFUSED]: 
    at internalConnectMultiple (node:net:1194:18)
    at afterConnectMultiple (node:net:1784:7)
[2m10:21:38 a. m.[22m [31m[1m[vite][22m[39m [31mhttp proxy error: /api/rooms?checkIn=2026-08-02&checkOut=2026-08-03[39m
AggregateError [ECONNREFUSED]: 
    at internalConnectMultiple (node:net:1194:18)
    at afterConnectMultiple (node:net:1784:7)
[2m10:21:38 a. m.[22m [31m[1m[vite][22m[39m [31mhttp proxy error: /api/auth/me[39m
AggregateError [ECONNREFUSED]: 
    at internalConnectMultiple (node:net:1194:18)
    at afterConnectMultiple (node:net:1784:7)
[2m10:21:40 a. m.[22m [31m[1m[vite][22m[39m [31mhttp proxy error: /api/auth/me[39m
AggregateError [ECONNREFUSED]: 
    at internalConnectMultiple (node:net:1194:18)
    at afterConnectMultiple (node:net:1784:7)
[2m10:21:40 a. m.[22m [31m[1m[vite][22m[39m [31mhttp proxy error: /api/rooms[39m
AggregateError [ECONNREFUSED]: 
    at internalConnectMultiple (node:net:1194:18)
    at afterConnectMultiple (node:net:1784:7)
[2m10:21:40 a. m.[22m [31m[1m[vite][22m[39m [31mhttp proxy error: /api/auth/me[39m
AggregateError [ECONNREFUSED]: 
    at internalConnectMultiple (node:net:1194:18)
    at afterConnectMultiple (node:net:1784:7)
[2m10:21:41 a. m.[22m [31m[1m[vite][22m[39m [31mhttp proxy error: /api/auth/me[39m
AggregateError [ECONNREFUSED]: 
    at internalConnectMultiple (node:net:1194:18)
    at afterConnectMultiple (node:net:1784:7)
[2m10:21:41 a. m.[22m [31m[1m[vite][22m[39m [31mhttp proxy error: /api/rooms[39m
AggregateError [ECONNREFUSED]: 
    at internalConnectMultiple (node:net:1194:18)
    at afterConnectMultiple (node:net:1784:7)
[2m10:21:41 a. m.[22m [31m[1m[vite][22m[39m [31mhttp proxy error: /api/auth/me[39m
AggregateError [ECONNREFUSED]: 
    at internalConnectMultiple (node:net:1194:18)
    at afterConnectMultiple (node:net:1784:7)
[2m10:23:33 a. m.[22m [31m[1m[vite][22m[39m [31mhttp proxy error: /api/auth/me[39m
AggregateError [ECONNREFUSED]: 
    at internalConnectMultiple (node:net:1194:18)
    at afterConnectMultiple (node:net:1784:7)
[2m10:23:37 a. m.[22m [31m[1m[vite][22m[39m [31mhttp proxy error: /api/auth/me[39m
AggregateError [ECONNREFUSED]: 
    at internalConnectMultiple (node:net:1194:18)
    at afterConnectMultiple (node:net:1784:7)
[2m10:23:39 a. m.[22m [31m[1m[vite][22m[39m [31mhttp proxy error: /api/auth/me[39m
AggregateError [ECONNREFUSED]: 
    at internalConnectMultiple (node:net:1194:18)
    at afterConnectMultiple (node:net:1784:7)
[2m10:33:25 a. m.[22m [31m[1m[vite][22m[39m [31mhttp proxy error: /api/rooms[39m
AggregateError [ECONNREFUSED]: 
    at internalConnectMultiple (node:net:1194:18)
    at afterConnectMultiple (node:net:1784:7)
[2m10:33:59 a. m.[22m [31m[1m[vite][22m[39m [31mhttp proxy error: /api/auth/me[39m
AggregateError [ECONNREFUSED]: 
    at internalConnectMultiple (node:net:1194:18)
    at afterConnectMultiple (node:net:1784:7)
[2m10:34:46 a. m.[22m [31m[1m[vite][22m[39m [31mhttp proxy error: /api/rooms[39m
AggregateError [ECONNREFUSED]: 
    at internalConnectMultiple (node:net:1194:18)
    at afterConnectMultiple (node:net:1784:7)
[2m10:34:50 a. m.[22m [31m[1m[vite][22m[39m [31mhttp proxy error: /api/auth/me[39m
AggregateError [ECONNREFUSED]: 
    at internalConnectMultiple (node:net:1194:18)
    at afterConnectMultiple (node:net:1784:7)
[2m10:34:50 a. m.[22m [31m[1m[vite][22m[39m [31mhttp proxy error: /api/rooms?checkIn=2026-08-02&checkOut=2026-08-03[39m
AggregateError [ECONNREFUSED]: 
    at internalConnectMultiple (node:net:1194:18)
    at afterConnectMultiple (node:net:1784:7)
[2m10:34:50 a. m.[22m [31m[1m[vite][22m[39m [31mhttp proxy error: /api/auth/me[39m
AggregateError [ECONNREFUSED]: 
    at internalConnectMultiple (node:net:1194:18)
    at afterConnectMultiple (node:net:1784:7)
